// Jest Snapshot v1, https://goo.gl/fbAQLP

exports[`Should Movie Page Overview render correctly 1`] = `
<div
  className="movie-card__reviews movie-card__row"
>
  <div
    className="movie-card__reviews-col"
  >
    <div
      className="review"
    >
      <blockquote
        className="review__quote"
      >
        <p
          className="review__text"
        >
          I love this movie. This film is a milestone in cinematography. Great Immersive camera-work. This film is an experience and i has already seen it 4 times and I only see more quality of the film.
        </p>
        <footer
          className="review__details"
        >
          <cite
            className="review__author"
          >
            Max
          </cite>
          <time
            className="review__date"
            dateTime="2020-08-21"
          >
            August 21, 2020
          </time>
        </footer>
      </blockquote>
      <div
        className="review__rating"
      >
        2.8
      </div>
    </div>
  </div>
  <div
    className="movie-card__reviews-col"
  >
    <div
      className="review"
    >
      <blockquote
        className="review__quote"
      >
        <p
          className="review__text"
        >
          I personally found this movie to be boring. Definitely one of the most boring movies I've ever seen.
        </p>
        <footer
          className="review__details"
        >
          <cite
            className="review__author"
          >
            Isaac
          </cite>
          <time
            className="review__date"
            dateTime="2020-08-16"
          >
            August 16, 2020
          </time>
        </footer>
      </blockquote>
      <div
        className="review__rating"
      >
        4.1
      </div>
    </div>
  </div>
</div>
`;
