// Jest Snapshot v1, https://goo.gl/fbAQLP

exports[`Should Movies List render correctly 1`] = `
<div
  className="catalog__movies-list"
>
  <article
    className="small-movie-card catalog__movies-card"
    onMouseEnter={[Function]}
    onMouseOut={[Function]}
  >
    <a
      className="small-movie-card__link"
      href="/films/1"
      onClick={[Function]}
    >
      <div
        className="small-movie-card__image"
      >
        <video
          height="175"
          width="280"
        />
      </div>
      <h3
        className="small-movie-card__title"
      >
        Gangs of new york
      </h3>
    </a>
  </article>
  <article
    className="small-movie-card catalog__movies-card"
    onMouseEnter={[Function]}
    onMouseOut={[Function]}
  >
    <a
      className="small-movie-card__link"
      href="/films/2"
      onClick={[Function]}
    >
      <div
        className="small-movie-card__image"
      >
        <video
          height="175"
          width="280"
        />
      </div>
      <h3
        className="small-movie-card__title"
      >
        Moonrise Kingdom
      </h3>
    </a>
  </article>
  <article
    className="small-movie-card catalog__movies-card"
    onMouseEnter={[Function]}
    onMouseOut={[Function]}
  >
    <a
      className="small-movie-card__link"
      href="/films/3"
      onClick={[Function]}
    >
      <div
        className="small-movie-card__image"
      >
        <video
          height="175"
          width="280"
        />
      </div>
      <h3
        className="small-movie-card__title"
      >
        Pulp Fiction
      </h3>
    </a>
  </article>
  <article
    className="small-movie-card catalog__movies-card"
    onMouseEnter={[Function]}
    onMouseOut={[Function]}
  >
    <a
      className="small-movie-card__link"
      href="/films/4"
      onClick={[Function]}
    >
      <div
        className="small-movie-card__image"
      >
        <video
          height="175"
          width="280"
        />
      </div>
      <h3
        className="small-movie-card__title"
      >
        Bronson
      </h3>
    </a>
  </article>
  <article
    className="small-movie-card catalog__movies-card"
    onMouseEnter={[Function]}
    onMouseOut={[Function]}
  >
    <a
      className="small-movie-card__link"
      href="/films/5"
      onClick={[Function]}
    >
      <div
        className="small-movie-card__image"
      >
        <video
          height="175"
          width="280"
        />
      </div>
      <h3
        className="small-movie-card__title"
      >
        Midnight Special
      </h3>
    </a>
  </article>
  <article
    className="small-movie-card catalog__movies-card"
    onMouseEnter={[Function]}
    onMouseOut={[Function]}
  >
    <a
      className="small-movie-card__link"
      href="/films/6"
      onClick={[Function]}
    >
      <div
        className="small-movie-card__image"
      >
        <video
          height="175"
          width="280"
        />
      </div>
      <h3
        className="small-movie-card__title"
      >
        Miidnight Special
      </h3>
    </a>
  </article>
  <article
    className="small-movie-card catalog__movies-card"
    onMouseEnter={[Function]}
    onMouseOut={[Function]}
  >
    <a
      className="small-movie-card__link"
      href="/films/7"
      onClick={[Function]}
    >
      <div
        className="small-movie-card__image"
      >
        <video
          height="175"
          width="280"
        />
      </div>
      <h3
        className="small-movie-card__title"
      >
        Miiidnight Special
      </h3>
    </a>
  </article>
</div>
`;
