// Jest Snapshot v1, https://goo.gl/fbAQLP

exports[`Should Movie Card render correctly 1`] = `
<article
  className="small-movie-card catalog__movies-card"
  onClick={[Function]}
  onMouseEnter={[Function]}
  onMouseOut={[Function]}
>
  <a
    className="small-movie-card__link"
    href="/films/1"
    onClick={[Function]}
  >
    <div
      className="small-movie-card__image"
    >
      <video
        height="175"
        width="280"
      />
    </div>
    <h3
      className="small-movie-card__title"
    >
      Gangs of new york
    </h3>
  </a>
</article>
`;
